[Frida] ADB forward tcp:27042 OK (emulator-5554)
[Frida] Remote device connected: 127.0.0.1:27042
[Frida] Auto-detected game process: VLTieuNgao (PID: 15755)
[Frida] Attaching to PID 15755...
[Frida] Session created OK
[Frida] Loading script: bot.bundle.js (96849 bytes)
[Frida] Script loaded OK
Waiting 1s for IL2CPP initialization...
Querying nearby player shops...
[Shop] Player coords from npcontroller: 51257, 49900
Target Shop: S谩t T芒m Quan 脗m | CID: salesman.103433.0
Sent EPlayerTalk (48)
Sent ESalesmanGetStallDataRequest (196)
Sent EPlayerStallOpenRequest (204)
Waiting 3 seconds for server response...

Checking recvBuffer for 197 (SalesmanGetStallDataResponse)...
鉂?NO 197 RECEIVED

Checking recvBuffer for 205 (PlayerStallOpenResponse)...
鉂?NO 205 RECEIVED
[Frida] Disconnected
